/Library/Frameworks/Python.framework/Versions/3.11/lib/python3.11/site-packages/einops/_torch_specific.py:108: ImportWarning: allow_ops_in_compiled_graph failed to import torch: ensure pytorch >=2.0
  warnings.warn("allow_ops_in_compiled_graph failed to import torch: ensure pytorch >=2.0", ImportWarning)
Running individual 4 with the following arguments:
gen: 1
i: 4
seed: 18906068
individual_x: [0.,0.,1.,0.,3.,0.,5.,2.,3.,0.,4.,2.,9.,3.,8.,1.,9.,1.,3.,0.,7.,1.,4.,0.,2.,3.,6.,0.,3.,1.,5.,3.]
dataset: cifar10
gpu: 0
batch_size: 32
epochs_train_individual: 1
data: ../../data
learning_rate: 0.025
learning_rate_min: 0.001
momentum: 0.9
weight_decay: 0.0003
init_channels: 8
reduction: False
layers: 5
steps: 4
multiplier: 4
attack_eps: 0.03137254901960784
cutout: False
cutout_length: 16
drop_path_prob: 0.3
grad_clip: 5.0
train_portion: 0.5
proxy_data_dir: proxy-data/proxy_indices_cifar10_resnet20_2500.npy
proxy_eval_dir: proxy-data/proxy_indices_cifar10_resnet20_2500.npy
Files already downloaded and verified
Files already downloaded and verified
[20:07:38] INFO: Using proxy data from proxy-data/proxy_indices_cifar10_resnet20_2500.npy
[20:07:38] INFO: Using proxy evaluation data from proxy-data/proxy_indices_cifar10_resnet20_2500.npy
[20:07:38] INFO: Training 2496 samples, validating 2528 samples.
Traceback (most recent call last):
  File "/Users/rodrigofvc/Documents/doctorado/r2-emoa-rnas/algorithms/nsga-net/search/individual_worker.py", line 183, in <module>
    train_individual(model, train_queue, criterion, optimizer, args, scheduler)
  File "/Users/rodrigofvc/Documents/doctorado/r2-emoa-rnas/algorithms/nsga-net/search/rnas_train.py", line 128, in train_individual
    run_batch_epoch(model, inputs, target, criterion, optimizer, args)
  File "/Users/rodrigofvc/Documents/doctorado/r2-emoa-rnas/algorithms/nsga-net/search/rnas_train.py", line 152, in run_batch_epoch
    optimizer.step()
  File "/Library/Frameworks/Python.framework/Versions/3.11/lib/python3.11/site-packages/torch/optim/lr_scheduler.py", line 68, in wrapper
    return wrapped(*args, **kwargs)
           ^^^^^^^^^^^^^^^^^^^^^^^^
  File "/Library/Frameworks/Python.framework/Versions/3.11/lib/python3.11/site-packages/torch/optim/optimizer.py", line 373, in wrapper
    out = func(*args, **kwargs)
          ^^^^^^^^^^^^^^^^^^^^^
  File "/Library/Frameworks/Python.framework/Versions/3.11/lib/python3.11/site-packages/torch/optim/optimizer.py", line 76, in _use_grad
    ret = func(self, *args, **kwargs)
          ^^^^^^^^^^^^^^^^^^^^^^^^^^^
  File "/Library/Frameworks/Python.framework/Versions/3.11/lib/python3.11/site-packages/torch/optim/adam.py", line 163, in step
    adam(
  File "/Library/Frameworks/Python.framework/Versions/3.11/lib/python3.11/site-packages/torch/optim/adam.py", line 311, in adam
    func(params,
  File "/Library/Frameworks/Python.framework/Versions/3.11/lib/python3.11/site-packages/torch/optim/adam.py", line 385, in _single_tensor_adam
    exp_avg_sq.mul_(beta2).addcmul_(grad, grad.conj(), value=1 - beta2)
    ^^^^^^^^^^^^^^^^^^^^^^
KeyboardInterrupt
